/nfs/turbo/umd-sabymath/Harshith/Active-Querying-on-PEBBLE/utils.py:10: FutureWarning: In the future `np.bool` will be defined as the corresponding NumPy scalar.
  if not hasattr(np, _name):
workspace: /nfs/turbo/umd-sabymath/Harshith/Active-Querying-on-PEBBLE
DEBUG: cfg.seed = 34512
DEBUG: ENV SEED = 34512
wandb: Currently logged in as: kharshi (kharshi-university-of-michigan) to https://api.wandb.ai. Use `wandb login --relogin` to force relogin
wandb: WARNING Using a boolean value for 'reinit' is deprecated. Use 'return_previous' or 'finish_previous' instead.
wandb: Tracking run with wandb version 0.22.1
wandb: Run data is saved locally in /nfs/turbo/umd-sridas/kharshi/wandb/wandb/run-20251028_120213-gr7g4z1d
wandb: Run `wandb offline` to turn off syncing.
wandb: Syncing run Uniform_34512
wandb: ⭐️ View project at https://wandb.ai/kharshi-university-of-michigan/BPref_Active_Querying
wandb: 🚀 View run at https://wandb.ai/kharshi-university-of-michigan/BPref_Active_Querying/runs/gr7g4z1d
[2025-10-28 12:02:15,770][absl][INFO] - MUJOCO_GL is not set, so an OpenGL backend will be chosen automatically.
/nfs/turbo/umd-sridas/kharshi/.conda/envs/rime2/lib/python3.10/site-packages/glfw/__init__.py:917: GLFWError: (65550) b'X11: Failed to open display :1'
  warnings.warn(message, GLFWError)
[2025-10-28 12:02:15,795][absl][INFO] - Successfully imported OpenGL backend: glfw
[2025-10-28 12:02:15,826][absl][INFO] - MuJoCo library version is: 3.3.6
/nfs/turbo/umd-sridas/kharshi/.conda/envs/rime2/lib/python3.10/site-packages/gym/spaces/box.py:73: UserWarning: [33mWARN: Box bound precision lowered by casting to float32[0m
  logger.warn(
| train          | E: 2 | S: 2000 | R: -13.1063 | TR: 30.1210 | TF: 0 | LR: 0 | NR: 0 | D: 28.6 s | TD: 00.0 s | BR: -0.0170 | ALOSS: -44937.1030 | CLOSS: 22944434.9362 | TLOSS: -7.5453 | TVAL: 0.1182 | AENT: -63.6591 | BCLOSS: 0.0000
| train          | E: 3 | S: 3000 | R: -21.5784 | TR: 36.8323 | TF: 0 | LR: 0 | NR: 0 | D: 30.4 s | TD: 00.0 s | BR: -0.0153 | ALOSS: -426674.6732 | CLOSS: 1916513275.2240 | TLOSS: -20.6382 | TVAL: 0.1862 | AENT: -118.5628 | BCLOSS: 0.0000
| train          | E: 4 | S: 4000 | R: -3.9527 | TR: 29.7238 | TF: 0 | LR: 0 | NR: 0 | D: 34.3 s | TD: 00.0 s | BR: -0.0095 | ALOSS: -788273.3085 | CLOSS: 4730397255.6160 | TLOSS: -30.4846 | TVAL: 0.2704 | AENT: -119.0017 | BCLOSS: 0.0000
| train          | E: 5 | S: 5000 | R: 10.7847 | TR: 24.1319 | TF: 0 | LR: 0 | NR: 0 | D: 38.4 s | TD: 00.0 s | BR: -0.0065 | ALOSS: -392045.0775 | CLOSS: 1057674056.8320 | TLOSS: -31.5836 | TVAL: 0.3840 | AENT: -89.2530 | BCLOSS: 0.0000
| train          | E: 6 | S: 6000 | R: -3.4924 | TR: 25.8611 | TF: 0 | LR: 0 | NR: 0 | D: 42.3 s | TD: 00.0 s | BR: -0.0058 | ALOSS: -156500.2015 | CLOSS: 272922979.7320 | TLOSS: -28.3735 | TVAL: 0.5179 | AENT: -61.4185 | BCLOSS: 0.0000
| train          | E: 7 | S: 7000 | R: 0.4841 | TR: 18.7718 | TF: 0 | LR: 0 | NR: 0 | D: 45.5 s | TD: 00.0 s | BR: -0.0048 | ALOSS: -62566.8875 | CLOSS: 73333952.9400 | TLOSS: -23.9298 | TVAL: 0.6798 | AENT: -41.5876 | BCLOSS: 0.0000
| train          | E: 8 | S: 8000 | R: 1.8287 | TR: 26.7368 | TF: 0 | LR: 0 | NR: 0 | D: 49.3 s | TD: 00.0 s | BR: -0.0036 | ALOSS: -27072.2019 | CLOSS: 26375070.0005 | TLOSS: -19.9835 | TVAL: 0.8772 | AENT: -29.0067 | BCLOSS: 0.0000
| train          | E: 9 | S: 9000 | R: 2.0107 | TR: 27.7570 | TF: 0 | LR: 0 | NR: 0 | D: 54.1 s | TD: 00.0 s | BR: -0.0037 | ALOSS: -12684.8253 | CLOSS: 11706394.3977 | TLOSS: -18.2462 | TVAL: 1.1318 | AENT: -22.2461 | BCLOSS: 0.0000
| train          | E: 10 | S: 10000 | R: -3.9104 | TR: 62.5731 | TF: 0 | LR: 0 | NR: 0 | D: 56.8 s | TD: 00.0 s | BR: -0.0031 | ALOSS: -12033.9532 | CLOSS: 5454337.3386 | TLOSS: -17.1639 | TVAL: 1.4761 | AENT: -17.6886 | BCLOSS: 0.0000
| eval           | E: 10 | S: 10000 | R: 21.5296 | TR: 21.5296 | TS: 0.0000
Reward function is updated!! ACC: 0.8666666666666667
| train          | E: 11 | S: 11000 | R: 4.3887 | TR: 25.5304 | TF: 0 | LR: 0 | NR: 0 | D: 35.9 s | TD: 00.0 s | BR: 0.0311 | ALOSS: -1.3939 | CLOSS: 64.5399 | TLOSS: 11.7124 | TVAL: 1.5386 | AENT: 1.7001 | BCLOSS: 0.0000
| train          | E: 12 | S: 12000 | R: 21.5097 | TR: 43.2428 | TF: 50 | LR: 50 | NR: 0 | D: 17.9 s | TD: 00.0 s | BR: 0.0313 | ALOSS: -9.0999 | CLOSS: 9.6478 | TLOSS: 11.0831 | TVAL: 1.1977 | AENT: 3.2610 | BCLOSS: 0.0000
| train          | E: 13 | S: 13000 | R: 48.8527 | TR: 29.2528 | TF: 50 | LR: 50 | NR: 0 | D: 17.9 s | TD: 00.0 s | BR: 0.0318 | ALOSS: -13.8312 | CLOSS: 3.5610 | TLOSS: 8.9168 | TVAL: 0.9383 | AENT: 3.5062 | BCLOSS: 0.0000
| train          | E: 14 | S: 14000 | R: 34.4093 | TR: 28.7888 | TF: 50 | LR: 50 | NR: 0 | D: 17.9 s | TD: 00.0 s | BR: 0.0321 | ALOSS: -17.7589 | CLOSS: 1.9181 | TLOSS: 7.1298 | TVAL: 0.7418 | AENT: 3.6132 | BCLOSS: 0.0000
| train          | E: 15 | S: 15000 | R: 31.5352 | TR: 27.9864 | TF: 50 | LR: 50 | NR: 0 | D: 17.8 s | TD: 00.0 s | BR: 0.0314 | ALOSS: -20.8028 | CLOSS: 1.2152 | TLOSS: 5.7031 | TVAL: 0.5894 | AENT: 3.6768 | BCLOSS: 0.0000
| train          | E: 16 | S: 16000 | R: 15.9022 | TR: 45.0958 | TF: 50 | LR: 50 | NR: 0 | D: 17.9 s | TD: 00.0 s | BR: 0.0299 | ALOSS: -23.3154 | CLOSS: 0.8714 | TLOSS: 4.5596 | TVAL: 0.4696 | AENT: 3.7093 | BCLOSS: 0.0000
| train          | E: 17 | S: 17000 | R: -11.6996 | TR: 19.7436 | TF: 50 | LR: 50 | NR: 0 | D: 17.8 s | TD: 00.0 s | BR: 0.0278 | ALOSS: -25.4949 | CLOSS: 0.6285 | TLOSS: 3.6504 | TVAL: 0.3748 | AENT: 3.7413 | BCLOSS: 0.0000
| train          | E: 18 | S: 18000 | R: 14.5850 | TR: 31.9092 | TF: 50 | LR: 50 | NR: 0 | D: 17.9 s | TD: 00.0 s | BR: 0.0253 | ALOSS: -27.2738 | CLOSS: 0.5013 | TLOSS: 2.9157 | TVAL: 0.2993 | AENT: 3.7414 | BCLOSS: 0.0000
| train          | E: 19 | S: 19000 | R: -32.1362 | TR: 20.1938 | TF: 50 | LR: 50 | NR: 0 | D: 17.8 s | TD: 00.0 s | BR: 0.0229 | ALOSS: -28.5112 | CLOSS: 0.4041 | TLOSS: 2.3218 | TVAL: 0.2393 | AENT: 3.7024 | BCLOSS: 0.0000
| train          | E: 20 | S: 20000 | R: -20.6155 | TR: 19.9958 | TF: 50 | LR: 50 | NR: 0 | D: 17.9 s | TD: 00.0 s | BR: 0.0206 | ALOSS: -29.3759 | CLOSS: 0.3331 | TLOSS: 1.8470 | TVAL: 0.1915 | AENT: 3.6450 | BCLOSS: 0.0000
| eval           | E: 20 | S: 20000 | R: 19.2741 | TR: 19.2741 | TS: 0.0000
| train          | E: 21 | S: 21000 | R: -19.0286 | TR: 17.3413 | TF: 50 | LR: 50 | NR: 0 | D: 27.6 s | TD: 00.0 s | BR: 0.0209 | ALOSS: -30.0407 | CLOSS: 0.2781 | TLOSS: 1.4669 | TVAL: 0.1533 | AENT: 3.5651 | BCLOSS: 0.0000
| train          | E: 22 | S: 22000 | R: 46.8960 | TR: 29.0631 | TF: 50 | LR: 50 | NR: 0 | D: 17.7 s | TD: 00.0 s | BR: 0.0223 | ALOSS: -30.5567 | CLOSS: 0.2327 | TLOSS: 1.1607 | TVAL: 0.1229 | AENT: 3.4419 | BCLOSS: 0.0000
| train          | E: 23 | S: 23000 | R: 66.7701 | TR: 28.9830 | TF: 50 | LR: 50 | NR: 0 | D: 17.9 s | TD: 00.0 s | BR: 0.0235 | ALOSS: -30.7792 | CLOSS: 0.2146 | TLOSS: 0.9144 | TVAL: 0.0986 | AENT: 3.2685 | BCLOSS: 0.0000
| train          | E: 24 | S: 24000 | R: 22.6826 | TR: 23.2461 | TF: 50 | LR: 50 | NR: 0 | D: 17.8 s | TD: 00.0 s | BR: 0.0249 | ALOSS: -30.8762 | CLOSS: 0.1836 | TLOSS: 0.7150 | TVAL: 0.0793 | AENT: 3.0143 | BCLOSS: 0.0000
| train          | E: 25 | S: 25000 | R: 97.7853 | TR: 25.2807 | TF: 50 | LR: 50 | NR: 0 | D: 16.9 s | TD: 00.0 s | BR: 0.0277 | ALOSS: -30.8391 | CLOSS: 0.1626 | TLOSS: 0.5563 | TVAL: 0.0638 | AENT: 2.7064 | BCLOSS: 0.0000
| train          | E: 26 | S: 26000 | R: 117.1424 | TR: 73.1526 | TF: 50 | LR: 50 | NR: 0 | D: 17.6 s | TD: 00.0 s | BR: 0.0315 | ALOSS: -30.7412 | CLOSS: 0.1490 | TLOSS: 0.4290 | TVAL: 0.0516 | AENT: 2.3118 | BCLOSS: 0.0000
| train          | E: 27 | S: 27000 | R: 116.6138 | TR: 26.9456 | TF: 50 | LR: 50 | NR: 0 | D: 17.8 s | TD: 00.0 s | BR: 0.0353 | ALOSS: -30.7180 | CLOSS: 0.1238 | TLOSS: 0.3274 | TVAL: 0.0418 | AENT: 1.8303 | BCLOSS: 0.0000
| train          | E: 28 | S: 28000 | R: 130.6641 | TR: 29.2813 | TF: 50 | LR: 50 | NR: 0 | D: 17.8 s | TD: 00.0 s | BR: 0.0384 | ALOSS: -30.6390 | CLOSS: 0.1208 | TLOSS: 0.2469 | TVAL: 0.0340 | AENT: 1.2636 | BCLOSS: 0.0000
| train          | E: 29 | S: 29000 | R: 142.5917 | TR: 34.4696 | TF: 50 | LR: 50 | NR: 0 | D: 17.8 s | TD: 00.0 s | BR: 0.0430 | ALOSS: -30.5294 | CLOSS: 0.1110 | TLOSS: 0.1843 | TVAL: 0.0277 | AENT: 0.6429 | BCLOSS: 0.0000
| train          | E: 30 | S: 30000 | R: 187.3989 | TR: 25.1169 | TF: 50 | LR: 50 | NR: 0 | D: 17.9 s | TD: 00.0 s | BR: 0.0485 | ALOSS: -30.3965 | CLOSS: 0.0995 | TLOSS: 0.1366 | TVAL: 0.0227 | AENT: 0.0078 | BCLOSS: 0.0000
| eval           | E: 30 | S: 30000 | R: 32.7508 | TR: 32.7508 | TS: 0.0000
Reward function is updated!! ACC: 0.9466666666666667
| train          | E: 31 | S: 31000 | R: 234.6291 | TR: 27.7851 | TF: 50 | LR: 50 | NR: 0 | D: 44.4 s | TD: 00.0 s | BR: 0.0516 | ALOSS: -30.1744 | CLOSS: 0.0988 | TLOSS: 0.0989 | TVAL: 0.0187 | AENT: -0.7201 | BCLOSS: 0.0000
| train          | E: 32 | S: 32000 | R: 86.1518 | TR: 44.6043 | TF: 100 | LR: 100 | NR: 0 | D: 17.9 s | TD: 00.0 s | BR: 0.0519 | ALOSS: -30.0280 | CLOSS: 0.0959 | TLOSS: 0.0674 | TVAL: 0.0155 | AENT: -1.6744 | BCLOSS: 0.0000
| train          | E: 33 | S: 33000 | R: 93.7821 | TR: 30.3969 | TF: 100 | LR: 100 | NR: 0 | D: 17.8 s | TD: 00.0 s | BR: 0.0538 | ALOSS: -29.9404 | CLOSS: 0.0846 | TLOSS: 0.0459 | TVAL: 0.0131 | AENT: -2.4978 | BCLOSS: 0.0000
| train          | E: 34 | S: 34000 | R: 100.5909 | TR: 28.1843 | TF: 100 | LR: 100 | NR: 0 | D: 17.8 s | TD: 00.0 s | BR: 0.0559 | ALOSS: -29.8252 | CLOSS: 0.0790 | TLOSS: 0.0350 | TVAL: 0.0110 | AENT: -2.8233 | BCLOSS: 0.0000
| train          | E: 35 | S: 35000 | R: 189.2338 | TR: 28.6628 | TF: 100 | LR: 100 | NR: 0 | D: 17.8 s | TD: 00.0 s | BR: 0.0588 | ALOSS: -29.5935 | CLOSS: 0.0708 | TLOSS: 0.0253 | TVAL: 0.0092 | AENT: -3.2497 | BCLOSS: 0.0000
| train          | E: 36 | S: 36000 | R: 139.3043 | TR: 39.1003 | TF: 100 | LR: 100 | NR: 0 | D: 17.8 s | TD: 00.0 s | BR: 0.0632 | ALOSS: -29.3563 | CLOSS: 0.0676 | TLOSS: 0.0158 | TVAL: 0.0078 | AENT: -3.9773 | BCLOSS: 0.0000
| train          | E: 37 | S: 37000 | R: 255.0136 | TR: 29.9007 | TF: 100 | LR: 100 | NR: 0 | D: 17.8 s | TD: 00.0 s | BR: 0.0685 | ALOSS: -29.1475 | CLOSS: 0.0703 | TLOSS: 0.0085 | TVAL: 0.0067 | AENT: -4.7497 | BCLOSS: 0.0000
| train          | E: 38 | S: 38000 | R: 288.2542 | TR: 83.0779 | TF: 100 | LR: 100 | NR: 0 | D: 17.7 s | TD: 00.0 s | BR: 0.0758 | ALOSS: -28.9460 | CLOSS: 0.0699 | TLOSS: 0.0027 | TVAL: 0.0061 | AENT: -5.5672 | BCLOSS: 0.0000
| train          | E: 39 | S: 39000 | R: 317.5326 | TR: 84.8428 | TF: 100 | LR: 100 | NR: 0 | D: 17.8 s | TD: 00.0 s | BR: 0.0804 | ALOSS: -28.8029 | CLOSS: 0.0746 | TLOSS: -0.0001 | TVAL: 0.0060 | AENT: -6.0085 | BCLOSS: 0.0000
| train          | E: 40 | S: 40000 | R: 306.0806 | TR: 79.4826 | TF: 100 | LR: 100 | NR: 0 | D: 17.6 s | TD: 00.0 s | BR: 0.0859 | ALOSS: -28.7033 | CLOSS: 0.0806 | TLOSS: -0.0004 | TVAL: 0.0061 | AENT: -6.0628 | BCLOSS: 0.0000
| eval           | E: 40 | S: 40000 | R: 101.4485 | TR: 101.4485 | TS: 0.0000
| train          | E: 41 | S: 41000 | R: 311.5367 | TR: 49.2818 | TF: 100 | LR: 100 | NR: 0 | D: 26.5 s | TD: 00.0 s | BR: 0.0927 | ALOSS: -28.6367 | CLOSS: 0.0756 | TLOSS: -0.0003 | TVAL: 0.0062 | AENT: -6.0487 | BCLOSS: 0.0000
| train          | E: 42 | S: 42000 | R: 368.6331 | TR: 114.8749 | TF: 100 | LR: 100 | NR: 0 | D: 17.8 s | TD: 00.0 s | BR: 0.0989 | ALOSS: -28.6047 | CLOSS: 0.0799 | TLOSS: -0.0008 | TVAL: 0.0065 | AENT: -6.1240 | BCLOSS: 0.0000
| train          | E: 43 | S: 43000 | R: 352.7891 | TR: 56.8112 | TF: 100 | LR: 100 | NR: 0 | D: 17.9 s | TD: 00.0 s | BR: 0.1061 | ALOSS: -28.6066 | CLOSS: 0.0852 | TLOSS: -0.0006 | TVAL: 0.0071 | AENT: -6.0879 | BCLOSS: 0.0000
| train          | E: 44 | S: 44000 | R: 392.6496 | TR: 121.7295 | TF: 100 | LR: 100 | NR: 0 | D: 17.8 s | TD: 00.0 s | BR: 0.1129 | ALOSS: -28.6130 | CLOSS: 0.0876 | TLOSS: -0.0002 | TVAL: 0.0071 | AENT: -6.0281 | BCLOSS: 0.0000
| train          | E: 45 | S: 45000 | R: 361.2793 | TR: 104.2463 | TF: 100 | LR: 100 | NR: 0 | D: 17.9 s | TD: 00.0 s | BR: 0.1183 | ALOSS: -28.6337 | CLOSS: 0.0829 | TLOSS: 0.0001 | TVAL: 0.0074 | AENT: -5.9908 | BCLOSS: 0.0000
| train          | E: 46 | S: 46000 | R: 384.4217 | TR: 93.2522 | TF: 100 | LR: 100 | NR: 0 | D: 17.6 s | TD: 00.0 s | BR: 0.1236 | ALOSS: -28.6790 | CLOSS: 0.0827 | TLOSS: 0.0000 | TVAL: 0.0073 | AENT: -5.9990 | BCLOSS: 0.0000
| train          | E: 47 | S: 47000 | R: 374.1448 | TR: 49.3332 | TF: 100 | LR: 100 | NR: 0 | D: 17.6 s | TD: 00.0 s | BR: 0.1295 | ALOSS: -28.7315 | CLOSS: 0.0824 | TLOSS: -0.0001 | TVAL: 0.0073 | AENT: -6.0121 | BCLOSS: 0.0000
| train          | E: 48 | S: 48000 | R: 395.8344 | TR: 41.8964 | TF: 100 | LR: 100 | NR: 0 | D: 17.8 s | TD: 00.0 s | BR: 0.1359 | ALOSS: -28.8250 | CLOSS: 0.0795 | TLOSS: -0.0005 | TVAL: 0.0075 | AENT: -6.0612 | BCLOSS: 0.0000
| train          | E: 49 | S: 49000 | R: 395.6725 | TR: 44.7046 | TF: 100 | LR: 100 | NR: 0 | D: 17.8 s | TD: 00.0 s | BR: 0.1417 | ALOSS: -28.9175 | CLOSS: 0.0852 | TLOSS: -0.0002 | TVAL: 0.0077 | AENT: -6.0284 | BCLOSS: 0.0000
| train          | E: 50 | S: 50000 | R: 407.3938 | TR: 38.5972 | TF: 100 | LR: 100 | NR: 0 | D: 17.8 s | TD: 00.0 s | BR: 0.1469 | ALOSS: -28.9960 | CLOSS: 0.0828 | TLOSS: -0.0001 | TVAL: 0.0078 | AENT: -6.0103 | BCLOSS: 0.0000
| eval           | E: 50 | S: 50000 | R: 65.4759 | TR: 65.4759 | TS: 0.0000
Reward function is updated!! ACC: 0.971111111111111
| train          | E: 51 | S: 51000 | R: 403.8428 | TR: 135.9765 | TF: 100 | LR: 100 | NR: 0 | D: 47.2 s | TD: 00.0 s | BR: 0.1219 | ALOSS: -29.0202 | CLOSS: 0.0916 | TLOSS: 0.0017 | TVAL: 0.0072 | AENT: -5.7703 | BCLOSS: 0.0000
| train          | E: 52 | S: 52000 | R: 239.8774 | TR: 39.9227 | TF: 150 | LR: 150 | NR: 0 | D: 17.9 s | TD: 00.0 s | BR: 0.1245 | ALOSS: -29.0308 | CLOSS: 0.0966 | TLOSS: 0.0005 | TVAL: 0.0065 | AENT: -5.9287 | BCLOSS: 0.0000
| train          | E: 53 | S: 53000 | R: 246.3122 | TR: 33.9711 | TF: 150 | LR: 150 | NR: 0 | D: 17.9 s | TD: 00.0 s | BR: 0.1279 | ALOSS: -29.0263 | CLOSS: 0.0923 | TLOSS: -0.0001 | TVAL: 0.0063 | AENT: -6.0090 | BCLOSS: 0.0000
| train          | E: 54 | S: 54000 | R: 327.1005 | TR: 75.7268 | TF: 150 | LR: 150 | NR: 0 | D: 17.9 s | TD: 00.0 s | BR: 0.1316 | ALOSS: -29.0204 | CLOSS: 0.0905 | TLOSS: 0.0000 | TVAL: 0.0063 | AENT: -5.9970 | BCLOSS: 0.0000
| train          | E: 55 | S: 55000 | R: 267.2892 | TR: 37.1203 | TF: 150 | LR: 150 | NR: 0 | D: 17.6 s | TD: 00.0 s | BR: 0.1351 | ALOSS: -29.0284 | CLOSS: 0.0859 | TLOSS: -0.0003 | TVAL: 0.0066 | AENT: -6.0443 | BCLOSS: 0.0000
| train          | E: 56 | S: 56000 | R: 404.5667 | TR: 119.9589 | TF: 150 | LR: 150 | NR: 0 | D: 17.0 s | TD: 00.0 s | BR: 0.1401 | ALOSS: -29.0616 | CLOSS: 0.0895 | TLOSS: 0.0000 | TVAL: 0.0066 | AENT: -5.9933 | BCLOSS: 0.0000
| train          | E: 57 | S: 57000 | R: 432.3544 | TR: 124.2251 | TF: 150 | LR: 150 | NR: 0 | D: 17.7 s | TD: 00.0 s | BR: 0.1432 | ALOSS: -29.0919 | CLOSS: 0.0891 | TLOSS: 0.0001 | TVAL: 0.0065 | AENT: -5.9848 | BCLOSS: 0.0000
| train          | E: 58 | S: 58000 | R: 439.3551 | TR: 126.1648 | TF: 150 | LR: 150 | NR: 0 | D: 17.9 s | TD: 00.0 s | BR: 0.1509 | ALOSS: -29.1471 | CLOSS: 0.0881 | TLOSS: 0.0001 | TVAL: 0.0065 | AENT: -5.9835 | BCLOSS: 0.0000
| train          | E: 59 | S: 59000 | R: 444.9927 | TR: 116.8948 | TF: 150 | LR: 150 | NR: 0 | D: 17.9 s | TD: 00.0 s | BR: 0.1530 | ALOSS: -29.1863 | CLOSS: 0.0857 | TLOSS: 0.0003 | TVAL: 0.0064 | AENT: -5.9473 | BCLOSS: 0.0000
| train          | E: 60 | S: 60000 | R: 346.9938 | TR: 54.6921 | TF: 150 | LR: 150 | NR: 0 | D: 17.9 s | TD: 00.0 s | BR: 0.1573 | ALOSS: -29.2459 | CLOSS: 0.0842 | TLOSS: -0.0005 | TVAL: 0.0064 | AENT: -6.0833 | BCLOSS: 0.0000
| eval           | E: 60 | S: 60000 | R: 102.4767 | TR: 102.4767 | TS: 0.0000
| train          | E: 61 | S: 61000 | R: 469.4984 | TR: 135.1464 | TF: 150 | LR: 150 | NR: 0 | D: 27.2 s | TD: 00.0 s | BR: 0.1628 | ALOSS: -29.3146 | CLOSS: 0.0870 | TLOSS: 0.0001 | TVAL: 0.0065 | AENT: -5.9796 | BCLOSS: 0.0000
| train          | E: 62 | S: 62000 | R: 456.8811 | TR: 129.7899 | TF: 150 | LR: 150 | NR: 0 | D: 17.9 s | TD: 00.0 s | BR: 0.1663 | ALOSS: -29.3839 | CLOSS: 0.0861 | TLOSS: -0.0005 | TVAL: 0.0067 | AENT: -6.0696 | BCLOSS: 0.0000
| train          | E: 63 | S: 63000 | R: 373.0623 | TR: 49.3938 | TF: 150 | LR: 150 | NR: 0 | D: 18.0 s | TD: 00.0 s | BR: 0.1712 | ALOSS: -29.4737 | CLOSS: 0.0862 | TLOSS: -0.0001 | TVAL: 0.0069 | AENT: -6.0088 | BCLOSS: 0.0000
| train          | E: 64 | S: 64000 | R: 459.6889 | TR: 130.1113 | TF: 150 | LR: 150 | NR: 0 | D: 17.9 s | TD: 00.0 s | BR: 0.1750 | ALOSS: -29.5742 | CLOSS: 0.0897 | TLOSS: -0.0003 | TVAL: 0.0070 | AENT: -6.0480 | BCLOSS: 0.0000
| train          | E: 65 | S: 65000 | R: 400.7255 | TR: 58.7838 | TF: 150 | LR: 150 | NR: 0 | D: 17.9 s | TD: 00.0 s | BR: 0.1780 | ALOSS: -29.6770 | CLOSS: 0.0906 | TLOSS: 0.0000 | TVAL: 0.0072 | AENT: -5.9959 | BCLOSS: 0.0000
| train          | E: 66 | S: 66000 | R: 401.5003 | TR: 53.9694 | TF: 150 | LR: 150 | NR: 0 | D: 18.0 s | TD: 00.0 s | BR: 0.1834 | ALOSS: -29.8001 | CLOSS: 0.0931 | TLOSS: -0.0004 | TVAL: 0.0073 | AENT: -6.0548 | BCLOSS: 0.0000
| train          | E: 67 | S: 67000 | R: 403.9351 | TR: 49.4827 | TF: 150 | LR: 150 | NR: 0 | D: 17.9 s | TD: 00.0 s | BR: 0.1873 | ALOSS: -29.9452 | CLOSS: 0.0939 | TLOSS: -0.0001 | TVAL: 0.0075 | AENT: -6.0128 | BCLOSS: 0.0000
| train          | E: 68 | S: 68000 | R: 487.1342 | TR: 130.5864 | TF: 150 | LR: 150 | NR: 0 | D: 18.0 s | TD: 00.0 s | BR: 0.1920 | ALOSS: -30.1092 | CLOSS: 0.0958 | TLOSS: 0.0002 | TVAL: 0.0074 | AENT: -5.9798 | BCLOSS: 0.0000
| train          | E: 69 | S: 69000 | R: 489.2181 | TR: 127.0294 | TF: 150 | LR: 150 | NR: 0 | D: 17.9 s | TD: 00.0 s | BR: 0.1949 | ALOSS: -30.2709 | CLOSS: 0.0966 | TLOSS: -0.0001 | TVAL: 0.0074 | AENT: -6.0184 | BCLOSS: 0.0000
| train          | E: 70 | S: 70000 | R: 488.4034 | TR: 115.5788 | TF: 150 | LR: 150 | NR: 0 | D: 18.0 s | TD: 00.0 s | BR: 0.1993 | ALOSS: -30.4455 | CLOSS: 0.1002 | TLOSS: -0.0001 | TVAL: 0.0076 | AENT: -6.0131 | BCLOSS: 0.0000
| eval           | E: 70 | S: 70000 | R: 75.0595 | TR: 75.0595 | TS: 0.0000
Reward function is updated!! ACC: 0.9733333333333333
| train          | E: 71 | S: 71000 | R: 500.0325 | TR: 125.0820 | TF: 150 | LR: 150 | NR: 0 | D: 40.3 s | TD: 00.0 s | BR: 0.1629 | ALOSS: -30.5241 | CLOSS: 0.1028 | TLOSS: 0.0004 | TVAL: 0.0074 | AENT: -5.9410 | BCLOSS: 0.0000
| train          | E: 72 | S: 72000 | R: 277.9765 | TR: 50.9127 | TF: 200 | LR: 200 | NR: 0 | D: 17.8 s | TD: 00.0 s | BR: 0.1642 | ALOSS: -30.5694 | CLOSS: 0.1064 | TLOSS: -0.0001 | TVAL: 0.0073 | AENT: -6.0089 | BCLOSS: 0.0000
| train          | E: 73 | S: 73000 | R: 298.6331 | TR: 68.7424 | TF: 200 | LR: 200 | NR: 0 | D: 18.0 s | TD: 00.0 s | BR: 0.1670 | ALOSS: -30.6603 | CLOSS: 0.1092 | TLOSS: 0.0001 | TVAL: 0.0073 | AENT: -5.9903 | BCLOSS: 0.0000
| train          | E: 74 | S: 74000 | R: 491.4640 | TR: 124.8134 | TF: 200 | LR: 200 | NR: 0 | D: 18.0 s | TD: 00.0 s | BR: 0.1711 | ALOSS: -30.7183 | CLOSS: 0.1080 | TLOSS: 0.0001 | TVAL: 0.0072 | AENT: -5.9861 | BCLOSS: 0.0000
| train          | E: 75 | S: 75000 | R: 322.5921 | TR: 43.1908 | TF: 200 | LR: 200 | NR: 0 | D: 18.0 s | TD: 00.0 s | BR: 0.1738 | ALOSS: -30.7840 | CLOSS: 0.1098 | TLOSS: 0.0002 | TVAL: 0.0070 | AENT: -5.9755 | BCLOSS: 0.0000
| train          | E: 76 | S: 76000 | R: 476.9396 | TR: 126.7275 | TF: 200 | LR: 200 | NR: 0 | D: 18.0 s | TD: 00.0 s | BR: 0.1764 | ALOSS: -30.8446 | CLOSS: 0.1135 | TLOSS: 0.0002 | TVAL: 0.0070 | AENT: -5.9780 | BCLOSS: 0.0000
| train          | E: 77 | S: 77000 | R: 306.4684 | TR: 51.4331 | TF: 200 | LR: 200 | NR: 0 | D: 18.0 s | TD: 00.0 s | BR: 0.1794 | ALOSS: -30.8707 | CLOSS: 0.1076 | TLOSS: -0.0002 | TVAL: 0.0069 | AENT: -6.0258 | BCLOSS: 0.0000
| train          | E: 78 | S: 78000 | R: 349.8103 | TR: 45.2561 | TF: 200 | LR: 200 | NR: 0 | D: 18.0 s | TD: 00.0 s | BR: 0.1801 | ALOSS: -30.8841 | CLOSS: 0.1082 | TLOSS: 0.0001 | TVAL: 0.0070 | AENT: -5.9867 | BCLOSS: 0.0000
| train          | E: 79 | S: 79000 | R: 342.2594 | TR: 56.2070 | TF: 200 | LR: 200 | NR: 0 | D: 18.0 s | TD: 00.0 s | BR: 0.1833 | ALOSS: -30.9214 | CLOSS: 0.1117 | TLOSS: -0.0003 | TVAL: 0.0071 | AENT: -6.0370 | BCLOSS: 0.0000
| train          | E: 80 | S: 80000 | R: 356.3338 | TR: 45.2087 | TF: 200 | LR: 200 | NR: 0 | D: 18.0 s | TD: 00.0 s | BR: 0.1858 | ALOSS: -31.0198 | CLOSS: 0.1135 | TLOSS: -0.0003 | TVAL: 0.0074 | AENT: -6.0423 | BCLOSS: 0.0000
| eval           | E: 80 | S: 80000 | R: 116.4989 | TR: 116.4989 | TS: 0.0000
| train          | E: 81 | S: 81000 | R: 512.5506 | TR: 136.0907 | TF: 200 | LR: 200 | NR: 0 | D: 27.9 s | TD: 00.0 s | BR: 0.1889 | ALOSS: -31.1249 | CLOSS: 0.1069 | TLOSS: 0.0001 | TVAL: 0.0074 | AENT: -5.9896 | BCLOSS: 0.0000
| train          | E: 82 | S: 82000 | R: 362.1637 | TR: 62.9948 | TF: 200 | LR: 200 | NR: 0 | D: 18.1 s | TD: 00.0 s | BR: 0.1911 | ALOSS: -31.1763 | CLOSS: 0.1139 | TLOSS: -0.0001 | TVAL: 0.0073 | AENT: -6.0139 | BCLOSS: 0.0000
| train          | E: 83 | S: 83000 | R: 359.0480 | TR: 61.5498 | TF: 200 | LR: 200 | NR: 0 | D: 18.1 s | TD: 00.0 s | BR: 0.1938 | ALOSS: -31.2634 | CLOSS: 0.1102 | TLOSS: 0.0001 | TVAL: 0.0074 | AENT: -5.9835 | BCLOSS: 0.0000
| train          | E: 84 | S: 84000 | R: 360.0889 | TR: 50.1940 | TF: 200 | LR: 200 | NR: 0 | D: 18.0 s | TD: 00.0 s | BR: 0.1953 | ALOSS: -31.3228 | CLOSS: 0.1118 | TLOSS: 0.0001 | TVAL: 0.0074 | AENT: -5.9852 | BCLOSS: 0.0000
| train          | E: 85 | S: 85000 | R: 363.3194 | TR: 52.3683 | TF: 200 | LR: 200 | NR: 0 | D: 18.1 s | TD: 00.0 s | BR: 0.1984 | ALOSS: -31.4215 | CLOSS: 0.1117 | TLOSS: -0.0001 | TVAL: 0.0073 | AENT: -6.0180 | BCLOSS: 0.0000
| train          | E: 86 | S: 86000 | R: 516.3287 | TR: 133.8483 | TF: 200 | LR: 200 | NR: 0 | D: 18.1 s | TD: 00.0 s | BR: 0.2028 | ALOSS: -31.5742 | CLOSS: 0.1160 | TLOSS: -0.0001 | TVAL: 0.0075 | AENT: -6.0140 | BCLOSS: 0.0000
| train          | E: 87 | S: 87000 | R: 513.6764 | TR: 137.9800 | TF: 200 | LR: 200 | NR: 0 | D: 17.1 s | TD: 00.0 s | BR: 0.2035 | ALOSS: -31.7300 | CLOSS: 0.1142 | TLOSS: -0.0004 | TVAL: 0.0076 | AENT: -6.0590 | BCLOSS: 0.0000
| train          | E: 88 | S: 88000 | R: 524.3871 | TR: 136.8393 | TF: 200 | LR: 200 | NR: 0 | D: 17.7 s | TD: 00.0 s | BR: 0.2080 | ALOSS: -31.8845 | CLOSS: 0.1191 | TLOSS: 0.0001 | TVAL: 0.0078 | AENT: -5.9922 | BCLOSS: 0.0000
| train          | E: 89 | S: 89000 | R: 536.7313 | TR: 139.3705 | TF: 200 | LR: 200 | NR: 0 | D: 18.1 s | TD: 00.0 s | BR: 0.2138 | ALOSS: -32.0334 | CLOSS: 0.1220 | TLOSS: 0.0000 | TVAL: 0.0077 | AENT: -5.9998 | BCLOSS: 0.0000
| train          | E: 90 | S: 90000 | R: 367.2777 | TR: 74.0860 | TF: 200 | LR: 200 | NR: 0 | D: 17.9 s | TD: 00.0 s | BR: 0.2114 | ALOSS: -32.0870 | CLOSS: 0.1168 | TLOSS: -0.0000 | TVAL: 0.0077 | AENT: -6.0052 | BCLOSS: 0.0000
| eval           | E: 90 | S: 90000 | R: 98.7988 | TR: 98.7988 | TS: 0.0000
Reward function is updated!! ACC: 0.9706666666666667
| train          | E: 91 | S: 91000 | R: 376.1191 | TR: 81.5552 | TF: 200 | LR: 200 | NR: 0 | D: 34.0 s | TD: 00.0 s | BR: 0.2041 | ALOSS: -32.1434 | CLOSS: 0.1242 | TLOSS: 0.0006 | TVAL: 0.0076 | AENT: -5.9231 | BCLOSS: 0.0000
| train          | E: 92 | S: 92000 | R: 290.2115 | TR: 77.6191 | TF: 250 | LR: 250 | NR: 0 | D: 18.1 s | TD: 00.0 s | BR: 0.2039 | ALOSS: -32.1809 | CLOSS: 0.1215 | TLOSS: 0.0005 | TVAL: 0.0072 | AENT: -5.9348 | BCLOSS: 0.0000
| train          | E: 93 | S: 93000 | R: 289.8882 | TR: 84.3980 | TF: 250 | LR: 250 | NR: 0 | D: 18.1 s | TD: 00.0 s | BR: 0.2050 | ALOSS: -32.1945 | CLOSS: 0.1117 | TLOSS: 0.0003 | TVAL: 0.0069 | AENT: -5.9509 | BCLOSS: 0.0000
| train          | E: 94 | S: 94000 | R: 315.6918 | TR: 90.2802 | TF: 250 | LR: 250 | NR: 0 | D: 18.1 s | TD: 00.0 s | BR: 0.2075 | ALOSS: -32.2739 | CLOSS: 0.1143 | TLOSS: -0.0000 | TVAL: 0.0067 | AENT: -6.0047 | BCLOSS: 0.0000
| train          | E: 95 | S: 95000 | R: 553.7521 | TR: 143.5265 | TF: 250 | LR: 250 | NR: 0 | D: 18.2 s | TD: 00.0 s | BR: 0.2111 | ALOSS: -32.3946 | CLOSS: 0.1172 | TLOSS: -0.0004 | TVAL: 0.0069 | AENT: -6.0644 | BCLOSS: 0.0000
| train          | E: 96 | S: 96000 | R: 593.4972 | TR: 144.2756 | TF: 250 | LR: 250 | NR: 0 | D: 18.0 s | TD: 00.0 s | BR: 0.2154 | ALOSS: -32.5545 | CLOSS: 0.1160 | TLOSS: -0.0003 | TVAL: 0.0071 | AENT: -6.0371 | BCLOSS: 0.0000
| train          | E: 97 | S: 97000 | R: 582.4048 | TR: 137.8311 | TF: 250 | LR: 250 | NR: 0 | D: 18.2 s | TD: 00.0 s | BR: 0.2179 | ALOSS: -32.6894 | CLOSS: 0.1202 | TLOSS: -0.0002 | TVAL: 0.0074 | AENT: -6.0308 | BCLOSS: 0.0000
| train          | E: 98 | S: 98000 | R: 305.2823 | TR: 64.7118 | TF: 250 | LR: 250 | NR: 0 | D: 18.2 s | TD: 00.0 s | BR: 0.2206 | ALOSS: -32.8084 | CLOSS: 0.1174 | TLOSS: 0.0000 | TVAL: 0.0074 | AENT: -5.9982 | BCLOSS: 0.0000
| train          | E: 99 | S: 99000 | R: 591.2772 | TR: 146.3805 | TF: 250 | LR: 250 | NR: 0 | D: 18.1 s | TD: 00.0 s | BR: 0.2227 | ALOSS: -32.9233 | CLOSS: 0.1214 | TLOSS: 0.0003 | TVAL: 0.0073 | AENT: -5.9532 | BCLOSS: 0.0000
| train          | E: 100 | S: 100000 | R: 313.5934 | TR: 69.4206 | TF: 250 | LR: 250 | NR: 0 | D: 18.2 s | TD: 00.0 s | BR: 0.2247 | ALOSS: -33.0364 | CLOSS: 0.1167 | TLOSS: 0.0001 | TVAL: 0.0071 | AENT: -5.9896 | BCLOSS: 0.0000
| eval           | E: 100 | S: 100000 | R: 122.8373 | TR: 122.8373 | TS: 0.0000
| train          | E: 101 | S: 101000 | R: 573.8850 | TR: 143.7921 | TF: 250 | LR: 250 | NR: 0 | D: 27.7 s | TD: 00.0 s | BR: 0.2275 | ALOSS: -33.1527 | CLOSS: 0.1257 | TLOSS: 0.0003 | TVAL: 0.0070 | AENT: -5.9503 | BCLOSS: 0.0000
| train          | E: 102 | S: 102000 | R: 561.3174 | TR: 142.4174 | TF: 250 | LR: 250 | NR: 0 | D: 17.3 s | TD: 00.0 s | BR: 0.2319 | ALOSS: -33.3284 | CLOSS: 0.1235 | TLOSS: -0.0001 | TVAL: 0.0069 | AENT: -6.0142 | BCLOSS: 0.0000
| train          | E: 103 | S: 103000 | R: 591.0810 | TR: 142.2127 | TF: 250 | LR: 250 | NR: 0 | D: 17.7 s | TD: 00.0 s | BR: 0.2328 | ALOSS: -33.4310 | CLOSS: 0.1275 | TLOSS: -0.0002 | TVAL: 0.0070 | AENT: -6.0343 | BCLOSS: 0.0000
| train          | E: 104 | S: 104000 | R: 311.8106 | TR: 48.3268 | TF: 250 | LR: 250 | NR: 0 | D: 18.2 s | TD: 00.0 s | BR: 0.2357 | ALOSS: -33.5168 | CLOSS: 0.1205 | TLOSS: -0.0001 | TVAL: 0.0071 | AENT: -6.0138 | BCLOSS: 0.0000
| train          | E: 105 | S: 105000 | R: 602.2768 | TR: 146.0291 | TF: 250 | LR: 250 | NR: 0 | D: 18.2 s | TD: 00.0 s | BR: 0.2405 | ALOSS: -33.7457 | CLOSS: 0.1300 | TLOSS: -0.0003 | TVAL: 0.0073 | AENT: -6.0373 | BCLOSS: 0.0000
| train          | E: 106 | S: 106000 | R: 567.2139 | TR: 145.3764 | TF: 250 | LR: 250 | NR: 0 | D: 18.1 s | TD: 00.0 s | BR: 0.2413 | ALOSS: -33.8698 | CLOSS: 0.1216 | TLOSS: 0.0001 | TVAL: 0.0074 | AENT: -5.9868 | BCLOSS: 0.0000
| train          | E: 107 | S: 107000 | R: 577.8997 | TR: 144.1278 | TF: 250 | LR: 250 | NR: 0 | D: 18.1 s | TD: 00.0 s | BR: 0.2441 | ALOSS: -34.0188 | CLOSS: 0.1329 | TLOSS: -0.0001 | TVAL: 0.0074 | AENT: -6.0103 | BCLOSS: 0.0000
| train          | E: 108 | S: 108000 | R: 318.6245 | TR: 56.2386 | TF: 250 | LR: 250 | NR: 0 | D: 18.1 s | TD: 00.0 s | BR: 0.2439 | ALOSS: -34.1137 | CLOSS: 0.1260 | TLOSS: 0.0003 | TVAL: 0.0073 | AENT: -5.9599 | BCLOSS: 0.0000
| train          | E: 109 | S: 109000 | R: 578.1457 | TR: 153.7804 | TF: 250 | LR: 250 | NR: 0 | D: 18.1 s | TD: 00.0 s | BR: 0.2481 | ALOSS: -34.3139 | CLOSS: 0.1338 | TLOSS: -0.0002 | TVAL: 0.0072 | AENT: -6.0295 | BCLOSS: 0.0000
| train          | E: 110 | S: 110000 | R: 582.8307 | TR: 145.1655 | TF: 250 | LR: 250 | NR: 0 | D: 18.1 s | TD: 00.0 s | BR: 0.2515 | ALOSS: -34.4119 | CLOSS: 0.1302 | TLOSS: 0.0002 | TVAL: 0.0072 | AENT: -5.9740 | BCLOSS: 0.0000
| eval           | E: 110 | S: 110000 | R: 116.8161 | TR: 116.8161 | TS: 0.0000
Reward function is updated!! ACC: 0.971111111111111
| train          | E: 111 | S: 111000 | R: 314.5593 | TR: 58.5371 | TF: 250 | LR: 250 | NR: 0 | D: 43.0 s | TD: 00.0 s | BR: 0.2329 | ALOSS: -34.4823 | CLOSS: 0.1333 | TLOSS: 0.0003 | TVAL: 0.0071 | AENT: -5.9624 | BCLOSS: 0.0000
| train          | E: 112 | S: 112000 | R: 580.6257 | TR: 143.6534 | TF: 300 | LR: 300 | NR: 0 | D: 18.1 s | TD: 00.0 s | BR: 0.2347 | ALOSS: -34.5657 | CLOSS: 0.1385 | TLOSS: 0.0001 | TVAL: 0.0070 | AENT: -5.9858 | BCLOSS: 0.0000
| train          | E: 113 | S: 113000 | R: 584.4430 | TR: 143.1549 | TF: 300 | LR: 300 | NR: 0 | D: 18.1 s | TD: 00.0 s | BR: 0.2382 | ALOSS: -34.7142 | CLOSS: 0.1493 | TLOSS: 0.0001 | TVAL: 0.0069 | AENT: -5.9863 | BCLOSS: 0.0000
| train          | E: 114 | S: 114000 | R: 581.5906 | TR: 138.6844 | TF: 300 | LR: 300 | NR: 0 | D: 18.0 s | TD: 00.0 s | BR: 0.2428 | ALOSS: -34.8565 | CLOSS: 0.1469 | TLOSS: -0.0003 | TVAL: 0.0069 | AENT: -6.0388 | BCLOSS: 0.0000
| train          | E: 115 | S: 115000 | R: 580.7954 | TR: 143.0392 | TF: 300 | LR: 300 | NR: 0 | D: 18.1 s | TD: 00.0 s | BR: 0.2440 | ALOSS: -34.9560 | CLOSS: 0.1532 | TLOSS: -0.0001 | TVAL: 0.0071 | AENT: -6.0105 | BCLOSS: 0.0000
| train          | E: 116 | S: 116000 | R: 561.1716 | TR: 131.1235 | TF: 300 | LR: 300 | NR: 0 | D: 18.1 s | TD: 00.0 s | BR: 0.2483 | ALOSS: -35.1098 | CLOSS: 0.1645 | TLOSS: -0.0002 | TVAL: 0.0072 | AENT: -6.0271 | BCLOSS: 0.0000
| train          | E: 117 | S: 117000 | R: 557.8139 | TR: 147.6163 | TF: 300 | LR: 300 | NR: 0 | D: 17.1 s | TD: 00.0 s | BR: 0.2497 | ALOSS: -35.2471 | CLOSS: 0.1628 | TLOSS: -0.0002 | TVAL: 0.0073 | AENT: -6.0327 | BCLOSS: 0.0000
| train          | E: 118 | S: 118000 | R: 587.6047 | TR: 137.1956 | TF: 300 | LR: 300 | NR: 0 | D: 17.6 s | TD: 00.0 s | BR: 0.2515 | ALOSS: -35.2773 | CLOSS: 0.1720 | TLOSS: -0.0001 | TVAL: 0.0074 | AENT: -6.0087 | BCLOSS: 0.0000
| train          | E: 119 | S: 119000 | R: 311.5625 | TR: 132.6339 | TF: 300 | LR: 300 | NR: 0 | D: 18.1 s | TD: 00.0 s | BR: 0.2550 | ALOSS: -35.4069 | CLOSS: 0.1807 | TLOSS: -0.0001 | TVAL: 0.0075 | AENT: -6.0100 | BCLOSS: 0.0000
| train          | E: 120 | S: 120000 | R: 533.2781 | TR: 140.3997 | TF: 300 | LR: 300 | NR: 0 | D: 18.1 s | TD: 00.0 s | BR: 0.2545 | ALOSS: -35.4329 | CLOSS: 0.1848 | TLOSS: 0.0003 | TVAL: 0.0074 | AENT: -5.9617 | BCLOSS: 0.0000
| eval           | E: 120 | S: 120000 | R: 150.5813 | TR: 150.5813 | TS: 0.0000
| train          | E: 121 | S: 121000 | R: 356.3278 | TR: 125.9623 | TF: 300 | LR: 300 | NR: 0 | D: 27.6 s | TD: 00.0 s | BR: 0.2558 | ALOSS: -35.5292 | CLOSS: 0.1885 | TLOSS: -0.0002 | TVAL: 0.0074 | AENT: -6.0332 | BCLOSS: 0.0000
| train          | E: 122 | S: 122000 | R: 594.9360 | TR: 139.6218 | TF: 300 | LR: 300 | NR: 0 | D: 18.1 s | TD: 00.0 s | BR: 0.2597 | ALOSS: -35.7097 | CLOSS: 0.1882 | TLOSS: -0.0003 | TVAL: 0.0077 | AENT: -6.0354 | BCLOSS: 0.0000
| train          | E: 123 | S: 123000 | R: 572.4977 | TR: 135.6442 | TF: 300 | LR: 300 | NR: 0 | D: 18.0 s | TD: 00.0 s | BR: 0.2603 | ALOSS: -35.7919 | CLOSS: 0.1978 | TLOSS: -0.0005 | TVAL: 0.0079 | AENT: -6.0693 | BCLOSS: 0.0000
| train          | E: 124 | S: 124000 | R: 560.8880 | TR: 136.2329 | TF: 300 | LR: 300 | NR: 0 | D: 18.0 s | TD: 00.0 s | BR: 0.2629 | ALOSS: -35.9800 | CLOSS: 0.1941 | TLOSS: 0.0000 | TVAL: 0.0080 | AENT: -5.9996 | BCLOSS: 0.0000
| train          | E: 125 | S: 125000 | R: 569.9815 | TR: 134.2177 | TF: 300 | LR: 300 | NR: 0 | D: 18.1 s | TD: 00.0 s | BR: 0.2664 | ALOSS: -36.1408 | CLOSS: 0.1992 | TLOSS: -0.0000 | TVAL: 0.0081 | AENT: -6.0058 | BCLOSS: 0.0000
| train          | E: 126 | S: 126000 | R: 605.2969 | TR: 139.3514 | TF: 300 | LR: 300 | NR: 0 | D: 18.1 s | TD: 00.0 s | BR: 0.2686 | ALOSS: -36.2893 | CLOSS: 0.2030 | TLOSS: -0.0002 | TVAL: 0.0082 | AENT: -6.0259 | BCLOSS: 0.0000
| train          | E: 127 | S: 127000 | R: 605.0843 | TR: 144.6866 | TF: 300 | LR: 300 | NR: 0 | D: 18.0 s | TD: 00.0 s | BR: 0.2713 | ALOSS: -36.4805 | CLOSS: 0.2131 | TLOSS: -0.0002 | TVAL: 0.0084 | AENT: -6.0292 | BCLOSS: 0.0000
| train          | E: 128 | S: 128000 | R: 428.6570 | TR: 133.0710 | TF: 300 | LR: 300 | NR: 0 | D: 18.0 s | TD: 00.0 s | BR: 0.2721 | ALOSS: -36.7305 | CLOSS: 0.2188 | TLOSS: -0.0003 | TVAL: 0.0086 | AENT: -6.0380 | BCLOSS: 0.0000
| train          | E: 129 | S: 129000 | R: 594.3921 | TR: 142.5352 | TF: 300 | LR: 300 | NR: 0 | D: 18.1 s | TD: 00.0 s | BR: 0.2761 | ALOSS: -36.9525 | CLOSS: 0.2288 | TLOSS: -0.0004 | TVAL: 0.0088 | AENT: -6.0505 | BCLOSS: 0.0000
| train          | E: 130 | S: 130000 | R: 583.9202 | TR: 139.7740 | TF: 300 | LR: 300 | NR: 0 | D: 18.0 s | TD: 00.0 s | BR: 0.2780 | ALOSS: -37.2127 | CLOSS: 0.2356 | TLOSS: -0.0005 | TVAL: 0.0093 | AENT: -6.0539 | BCLOSS: 0.0000
| eval           | E: 130 | S: 130000 | R: 141.3378 | TR: 141.3378 | TS: 0.0000
Reward function is updated!! ACC: 0.9704761904761905
| train          | E: 131 | S: 131000 | R: 607.9040 | TR: 149.7556 | TF: 300 | LR: 300 | NR: 0 | D: 44.2 s | TD: 00.0 s | BR: 0.2147 | ALOSS: -37.3538 | CLOSS: 0.2482 | TLOSS: 0.0010 | TVAL: 0.0091 | AENT: -5.8917 | BCLOSS: 0.0000
| train          | E: 132 | S: 132000 | R: 396.9839 | TR: 139.0204 | TF: 350 | LR: 350 | NR: 0 | D: 17.3 s | TD: 00.0 s | BR: 0.2172 | ALOSS: -37.4901 | CLOSS: 0.2493 | TLOSS: 0.0006 | TVAL: 0.0086 | AENT: -5.9248 | BCLOSS: 0.0000
| train          | E: 133 | S: 133000 | R: 396.4751 | TR: 137.5858 | TF: 350 | LR: 350 | NR: 0 | D: 17.6 s | TD: 00.0 s | BR: 0.2177 | ALOSS: -37.6066 | CLOSS: 0.2431 | TLOSS: 0.0004 | TVAL: 0.0082 | AENT: -5.9529 | BCLOSS: 0.0000
| train          | E: 134 | S: 134000 | R: 404.3250 | TR: 134.8601 | TF: 350 | LR: 350 | NR: 0 | D: 18.0 s | TD: 00.0 s | BR: 0.2185 | ALOSS: -37.7321 | CLOSS: 0.2486 | TLOSS: 0.0007 | TVAL: 0.0077 | AENT: -5.9056 | BCLOSS: 0.0000
| train          | E: 135 | S: 135000 | R: 429.7260 | TR: 141.5504 | TF: 350 | LR: 350 | NR: 0 | D: 18.1 s | TD: 00.0 s | BR: 0.2205 | ALOSS: -37.7586 | CLOSS: 0.2360 | TLOSS: -0.0001 | TVAL: 0.0075 | AENT: -6.0159 | BCLOSS: 0.0000
| train          | E: 136 | S: 136000 | R: 453.2590 | TR: 147.2104 | TF: 350 | LR: 350 | NR: 0 | D: 18.1 s | TD: 00.0 s | BR: 0.2235 | ALOSS: -37.8085 | CLOSS: 0.2326 | TLOSS: -0.0011 | TVAL: 0.0079 | AENT: -6.1428 | BCLOSS: 0.0000
| train          | E: 137 | S: 137000 | R: 455.7862 | TR: 145.7552 | TF: 350 | LR: 350 | NR: 0 | D: 18.2 s | TD: 00.0 s | BR: 0.2244 | ALOSS: -37.9043 | CLOSS: 0.2375 | TLOSS: -0.0001 | TVAL: 0.0083 | AENT: -6.0149 | BCLOSS: 0.0000
| train          | E: 138 | S: 138000 | R: 430.8043 | TR: 163.2205 | TF: 350 | LR: 350 | NR: 0 | D: 18.1 s | TD: 00.0 s | BR: 0.2244 | ALOSS: -37.9360 | CLOSS: 0.2393 | TLOSS: 0.0003 | TVAL: 0.0083 | AENT: -5.9617 | BCLOSS: 0.0000
| train          | E: 139 | S: 139000 | R: 415.1692 | TR: 139.4817 | TF: 350 | LR: 350 | NR: 0 | D: 18.0 s | TD: 00.0 s | BR: 0.2268 | ALOSS: -37.9753 | CLOSS: 0.2439 | TLOSS: 0.0004 | TVAL: 0.0081 | AENT: -5.9512 | BCLOSS: 0.0000
| train          | E: 140 | S: 140000 | R: 459.5439 | TR: 145.1858 | TF: 350 | LR: 350 | NR: 0 | D: 18.1 s | TD: 00.0 s | BR: 0.2280 | ALOSS: -38.1632 | CLOSS: 0.2476 | TLOSS: -0.0002 | TVAL: 0.0081 | AENT: -6.0294 | BCLOSS: 0.0000
| eval           | E: 140 | S: 140000 | R: 145.4057 | TR: 145.4057 | TS: 0.0000
| train          | E: 141 | S: 141000 | R: 477.4034 | TR: 145.7425 | TF: 350 | LR: 350 | NR: 0 | D: 27.6 s | TD: 00.0 s | BR: 0.2300 | ALOSS: -38.3325 | CLOSS: 0.2768 | TLOSS: -0.0006 | TVAL: 0.0084 | AENT: -6.0686 | BCLOSS: 0.0000
| train          | E: 142 | S: 142000 | R: 483.0882 | TR: 145.3231 | TF: 350 | LR: 350 | NR: 0 | D: 18.2 s | TD: 00.0 s | BR: 0.2313 | ALOSS: -38.5548 | CLOSS: 0.2753 | TLOSS: -0.0007 | TVAL: 0.0088 | AENT: -6.0828 | BCLOSS: 0.0000
| train          | E: 143 | S: 143000 | R: 463.4480 | TR: 148.8030 | TF: 350 | LR: 350 | NR: 0 | D: 18.1 s | TD: 00.0 s | BR: 0.2345 | ALOSS: -38.8067 | CLOSS: 0.2846 | TLOSS: -0.0002 | TVAL: 0.0091 | AENT: -6.0176 | BCLOSS: 0.0000
| train          | E: 144 | S: 144000 | R: 479.4610 | TR: 152.0195 | TF: 350 | LR: 350 | NR: 0 | D: 18.1 s | TD: 00.0 s | BR: 0.2356 | ALOSS: -39.0425 | CLOSS: 0.2927 | TLOSS: 0.0002 | TVAL: 0.0092 | AENT: -5.9794 | BCLOSS: 0.0000
| train          | E: 145 | S: 145000 | R: 454.3844 | TR: 156.4672 | TF: 350 | LR: 350 | NR: 0 | D: 18.1 s | TD: 00.0 s | BR: 0.2367 | ALOSS: -39.3050 | CLOSS: 0.2778 | TLOSS: 0.0003 | TVAL: 0.0089 | AENT: -5.9613 | BCLOSS: 0.0000
| train          | E: 146 | S: 146000 | R: 464.2067 | TR: 146.7012 | TF: 350 | LR: 350 | NR: 0 | D: 18.1 s | TD: 00.0 s | BR: 0.2382 | ALOSS: -39.5640 | CLOSS: 0.2756 | TLOSS: 0.0005 | TVAL: 0.0085 | AENT: -5.9439 | BCLOSS: 0.0000
| train          | E: 147 | S: 147000 | R: 455.6636 | TR: 150.6383 | TF: 350 | LR: 350 | NR: 0 | D: 18.2 s | TD: 00.0 s | BR: 0.2416 | ALOSS: -39.7119 | CLOSS: 0.2757 | TLOSS: 0.0005 | TVAL: 0.0083 | AENT: -5.9372 | BCLOSS: 0.0000
| train          | E: 148 | S: 148000 | R: 453.8601 | TR: 148.3156 | TF: 350 | LR: 350 | NR: 0 | D: 17.2 s | TD: 00.0 s | BR: 0.2417 | ALOSS: -39.8478 | CLOSS: 0.2557 | TLOSS: -0.0000 | TVAL: 0.0081 | AENT: -6.0039 | BCLOSS: 0.0000
| train          | E: 149 | S: 149000 | R: 465.0036 | TR: 149.4774 | TF: 350 | LR: 350 | NR: 0 | D: 17.6 s | TD: 00.0 s | BR: 0.2421 | ALOSS: -39.9060 | CLOSS: 0.2404 | TLOSS: 0.0003 | TVAL: 0.0080 | AENT: -5.9665 | BCLOSS: 0.0000
| train          | E: 150 | S: 150000 | R: 474.9162 | TR: 151.2023 | TF: 350 | LR: 350 | NR: 0 | D: 18.2 s | TD: 00.0 s | BR: 0.2451 | ALOSS: -39.9941 | CLOSS: 0.2259 | TLOSS: 0.0006 | TVAL: 0.0077 | AENT: -5.9175 | BCLOSS: 0.0000
| eval           | E: 150 | S: 150000 | R: 134.0157 | TR: 134.0157 | TS: 0.0000
Reward function is updated!! ACC: 0.975
| train          | E: 151 | S: 151000 | R: 455.9649 | TR: 150.7631 | TF: 350 | LR: 350 | NR: 0 | D: 53.5 s | TD: 00.0 s | BR: 0.2347 | ALOSS: -39.9633 | CLOSS: 0.2309 | TLOSS: -0.0000 | TVAL: 0.0075 | AENT: -6.0036 | BCLOSS: 0.0000
| train          | E: 152 | S: 152000 | R: 406.9121 | TR: 147.7453 | TF: 400 | LR: 400 | NR: 0 | D: 18.1 s | TD: 00.0 s | BR: 0.2350 | ALOSS: -39.9512 | CLOSS: 0.2198 | TLOSS: -0.0001 | TVAL: 0.0075 | AENT: -6.0144 | BCLOSS: 0.0000
| train          | E: 153 | S: 153000 | R: 460.6111 | TR: 144.6339 | TF: 400 | LR: 400 | NR: 0 | D: 18.2 s | TD: 00.0 s | BR: 0.2375 | ALOSS: -39.9281 | CLOSS: 0.2198 | TLOSS: -0.0001 | TVAL: 0.0075 | AENT: -6.0081 | BCLOSS: 0.0000
| train          | E: 154 | S: 154000 | R: 438.1202 | TR: 139.7894 | TF: 400 | LR: 400 | NR: 0 | D: 18.2 s | TD: 00.0 s | BR: 0.2369 | ALOSS: -39.9239 | CLOSS: 0.2136 | TLOSS: 0.0005 | TVAL: 0.0075 | AENT: -5.9346 | BCLOSS: 0.0000
| train          | E: 155 | S: 155000 | R: 455.5804 | TR: 137.9412 | TF: 400 | LR: 400 | NR: 0 | D: 18.2 s | TD: 00.0 s | BR: 0.2400 | ALOSS: -39.9177 | CLOSS: 0.2093 | TLOSS: -0.0006 | TVAL: 0.0075 | AENT: -6.0797 | BCLOSS: 0.0000
| train          | E: 156 | S: 156000 | R: 339.7941 | TR: 87.9979 | TF: 400 | LR: 400 | NR: 0 | D: 18.1 s | TD: 00.0 s | BR: 0.2410 | ALOSS: -39.9338 | CLOSS: 0.2084 | TLOSS: 0.0001 | TVAL: 0.0076 | AENT: -5.9822 | BCLOSS: 0.0000
| train          | E: 157 | S: 157000 | R: 479.6755 | TR: 143.0128 | TF: 400 | LR: 400 | NR: 0 | D: 18.1 s | TD: 00.0 s | BR: 0.2403 | ALOSS: -39.9136 | CLOSS: 0.2018 | TLOSS: -0.0004 | TVAL: 0.0077 | AENT: -6.0484 | BCLOSS: 0.0000
| train          | E: 158 | S: 158000 | R: 481.7596 | TR: 146.3868 | TF: 400 | LR: 400 | NR: 0 | D: 18.2 s | TD: 00.0 s | BR: 0.2463 | ALOSS: -39.8831 | CLOSS: 0.1946 | TLOSS: 0.0004 | TVAL: 0.0077 | AENT: -5.9454 | BCLOSS: 0.0000
| train          | E: 159 | S: 159000 | R: 485.2562 | TR: 154.0954 | TF: 400 | LR: 400 | NR: 0 | D: 18.2 s | TD: 00.0 s | BR: 0.2453 | ALOSS: -39.8328 | CLOSS: 0.1877 | TLOSS: 0.0002 | TVAL: 0.0075 | AENT: -5.9786 | BCLOSS: 0.0000
| train          | E: 160 | S: 160000 | R: 450.1545 | TR: 141.0671 | TF: 400 | LR: 400 | NR: 0 | D: 18.2 s | TD: 00.0 s | BR: 0.2478 | ALOSS: -39.7598 | CLOSS: 0.1766 | TLOSS: 0.0005 | TVAL: 0.0072 | AENT: -5.9309 | BCLOSS: 0.0000
| eval           | E: 160 | S: 160000 | R: 156.2887 | TR: 156.2887 | TS: 0.0000
| train          | E: 161 | S: 161000 | R: 482.3852 | TR: 147.8784 | TF: 400 | LR: 400 | NR: 0 | D: 27.6 s | TD: 00.0 s | BR: 0.2492 | ALOSS: -39.6740 | CLOSS: 0.1795 | TLOSS: -0.0005 | TVAL: 0.0073 | AENT: -6.0642 | BCLOSS: 0.0000
| train          | E: 162 | S: 162000 | R: 480.1376 | TR: 153.6211 | TF: 400 | LR: 400 | NR: 0 | D: 17.2 s | TD: 00.0 s | BR: 0.2490 | ALOSS: -39.5797 | CLOSS: 0.1795 | TLOSS: 0.0004 | TVAL: 0.0073 | AENT: -5.9409 | BCLOSS: 0.0000
| train          | E: 163 | S: 163000 | R: 477.5491 | TR: 156.6333 | TF: 400 | LR: 400 | NR: 0 | D: 17.6 s | TD: 00.0 s | BR: 0.2510 | ALOSS: -39.4999 | CLOSS: 0.1740 | TLOSS: -0.0002 | TVAL: 0.0072 | AENT: -6.0321 | BCLOSS: 0.0000
| train          | E: 164 | S: 164000 | R: 483.8751 | TR: 149.0599 | TF: 400 | LR: 400 | NR: 0 | D: 18.2 s | TD: 00.0 s | BR: 0.2524 | ALOSS: -39.3955 | CLOSS: 0.1718 | TLOSS: 0.0006 | TVAL: 0.0070 | AENT: -5.9203 | BCLOSS: 0.0000
| train          | E: 165 | S: 165000 | R: 493.6936 | TR: 163.5375 | TF: 400 | LR: 400 | NR: 0 | D: 18.2 s | TD: 00.0 s | BR: 0.2540 | ALOSS: -39.3183 | CLOSS: 0.1658 | TLOSS: -0.0000 | TVAL: 0.0069 | AENT: -6.0038 | BCLOSS: 0.0000
| train          | E: 166 | S: 166000 | R: 448.1572 | TR: 143.3551 | TF: 400 | LR: 400 | NR: 0 | D: 18.2 s | TD: 00.0 s | BR: 0.2557 | ALOSS: -39.2431 | CLOSS: 0.1676 | TLOSS: -0.0004 | TVAL: 0.0070 | AENT: -6.0524 | BCLOSS: 0.0000
| train          | E: 167 | S: 167000 | R: 489.7160 | TR: 153.3452 | TF: 400 | LR: 400 | NR: 0 | D: 18.2 s | TD: 00.0 s | BR: 0.2561 | ALOSS: -39.1969 | CLOSS: 0.1680 | TLOSS: -0.0001 | TVAL: 0.0072 | AENT: -6.0113 | BCLOSS: 0.0000
| train          | E: 168 | S: 168000 | R: 502.7485 | TR: 155.3529 | TF: 400 | LR: 400 | NR: 0 | D: 18.2 s | TD: 00.0 s | BR: 0.2578 | ALOSS: -39.1526 | CLOSS: 0.1754 | TLOSS: 0.0002 | TVAL: 0.0072 | AENT: -5.9784 | BCLOSS: 0.0000
| train          | E: 169 | S: 169000 | R: 510.6922 | TR: 154.0027 | TF: 400 | LR: 400 | NR: 0 | D: 18.2 s | TD: 00.0 s | BR: 0.2605 | ALOSS: -39.1585 | CLOSS: 0.1759 | TLOSS: -0.0002 | TVAL: 0.0072 | AENT: -6.0262 | BCLOSS: 0.0000
| train          | E: 170 | S: 170000 | R: 488.0131 | TR: 169.1208 | TF: 400 | LR: 400 | NR: 0 | D: 18.3 s | TD: 00.0 s | BR: 0.2611 | ALOSS: -39.1485 | CLOSS: 0.1804 | TLOSS: -0.0002 | TVAL: 0.0073 | AENT: -6.0324 | BCLOSS: 0.0000
| eval           | E: 170 | S: 170000 | R: 152.9454 | TR: 152.9454 | TS: 0.0000
Reward function is updated!! ACC: 0.9725925925925926
| train          | E: 171 | S: 171000 | R: 515.1008 | TR: 154.2387 | TF: 400 | LR: 400 | NR: 0 | D: 40.2 s | TD: 00.0 s | BR: 0.2260 | ALOSS: -39.0477 | CLOSS: 0.1801 | TLOSS: 0.0006 | TVAL: 0.0072 | AENT: -5.9135 | BCLOSS: 0.0000
slurmstepd: error: *** JOB 35005624 ON gl3135 CANCELLED AT 2025-10-28T13:01:58 DUE TO TIME LIMIT ***
